
added 232 packages, and audited 233 packages in 8s

52 packages are looking for funding
  run `npm fund` for details

14 vulnerabilities (1 low, 2 moderate, 11 high)

To address all issues, run:
  npm audit fix

Run `npm audit` for details.

> screw-lp@0.0.0 build
> vite build

vite v7.1.3 building for production...
transforming...
✓ 781 modules transformed.
rendering chunks...
computing gzip size...
dist/index.html                               3.01 kB │ gzip:   0.98 kB
dist/assets/gear-CEXe6dk6.svg                 8.47 kB │ gzip:   3.67 kB
dist/assets/HelicNew-qkonVQUW.png            24.21 kB
dist/assets/screw4-C4apU6Lj.png              33.79 kB
dist/assets/screw1-D-x3_pLe.png              37.87 kB
dist/assets/screw3-DPoxvij6.png              40.55 kB
dist/assets/screw2-3PVJEbhR.png              41.69 kB
dist/assets/NewScrew-CG9bvpd1.png            79.26 kB
dist/assets/image16-YY5oZyn5.png            141.76 kB
dist/assets/image15-D6o4w4nl.png            142.18 kB
dist/assets/Home-CqcifyGy.png               970.14 kB
dist/assets/dummy1-BnMVeQSI.png           1,007.08 kB
dist/assets/Home2-PmdEYH74.png            1,132.11 kB
dist/assets/Home1-WIzfUPc-.png            1,210.14 kB
dist/assets/Fencing-BNVS4l-T.png          1,495.55 kB
dist/assets/Mount-BdVTR2QU.png            1,820.59 kB
dist/assets/testimonial-bg-mxXSqfYy.png  12,233.80 kB
dist/assets/solar-CEXu0wGi.png           35,521.73 kB
dist/assets/index-CROT0iRj.css              103.92 kB │ gzip:  14.59 kB
dist/assets/index-C82AUlHS.js               521.68 kB │ gzip: 171.47 kB

(!) Some chunks are larger than 500 kB after minification. Consider:
- Using dynamic import() to code-split the application
- Use build.rollupOptions.output.manualChunks to improve chunking: https://rollupjs.org/configuration-options/#output-manualchunks
- Adjust chunk size limit for this warning via build.chunkSizeWarningLimit.
✓ built in 4.00s
